Starting tests...good luck:
Juniper vMX
============================= test session starts ==============================
platform linux -- Python 3.8.5, pytest-5.1.2, py-1.10.0, pluggy-0.13.1 -- /home/kbyers/netmiko/.venv/bin/python3.8
cachedir: .pytest_cache
rootdir: /home/kbyers/netmiko, inifile: setup.cfg
plugins: pylama-7.7.1
collecting ... collected 24 items

test_netmiko_show.py::test_disable_paging PASSED
test_netmiko_show.py::test_terminal_width PASSED
test_netmiko_show.py::test_ssh_connect PASSED
test_netmiko_show.py::test_ssh_connect_cm PASSED
test_netmiko_show.py::test_send_command_timing PASSED
test_netmiko_show.py::test_send_command_timing_no_cmd_verify SKIPPED
test_netmiko_show.py::test_send_command PASSED
test_netmiko_show.py::test_send_command_no_cmd_verify SKIPPED
test_netmiko_show.py::test_complete_on_space_disabled PASSED
test_netmiko_show.py::test_send_command_textfsm PASSED
test_netmiko_show.py::test_send_command_ttp SKIPPED
test_netmiko_show.py::test_send_command_genie SKIPPED
test_netmiko_show.py::test_send_multiline_timing SKIPPED
test_netmiko_show.py::test_send_multiline SKIPPED
test_netmiko_show.py::test_send_multiline_prompt SKIPPED
test_netmiko_show.py::test_send_multiline_simple SKIPPED
test_netmiko_show.py::test_base_prompt PASSED
test_netmiko_show.py::test_strip_prompt PASSED
test_netmiko_show.py::test_strip_command PASSED
test_netmiko_show.py::test_normalize_linefeeds PASSED
test_netmiko_show.py::test_clear_buffer PASSED
test_netmiko_show.py::test_enable_mode PASSED
test_netmiko_show.py::test_disconnect PASSED
test_netmiko_show.py::test_disconnect_no_enable PASSED

=========================== short test summary info ============================
SKIPPED [1] /home/kbyers/netmiko/tests/test_netmiko_show.py:71: <Skipped instance>
SKIPPED [1] /home/kbyers/netmiko/tests/test_netmiko_show.py:89: <Skipped instance>
SKIPPED [1] /home/kbyers/netmiko/tests/test_netmiko_show.py:154: TTP template not existing for this platform
SKIPPED [1] /home/kbyers/netmiko/tests/test_netmiko_show.py:194: Genie not supported on this platform
SKIPPED [1] /home/kbyers/netmiko/tests/test_netmiko_show.py:214: <Skipped instance>
SKIPPED [1] /home/kbyers/netmiko/tests/test_netmiko_show.py:230: <Skipped instance>
SKIPPED [1] /home/kbyers/netmiko/tests/test_netmiko_show.py:255: <Skipped instance>
SKIPPED [1] /home/kbyers/netmiko/tests/test_netmiko_show.py:279: <Skipped instance>
======================== 16 passed, 8 skipped in 49.65s ========================
============================= test session starts ==============================
platform linux -- Python 3.8.5, pytest-5.1.2, py-1.10.0, pluggy-0.13.1 -- /home/kbyers/netmiko/.venv/bin/python3.8
cachedir: .pytest_cache
rootdir: /home/kbyers/netmiko, inifile: setup.cfg
plugins: pylama-7.7.1
collecting ... collected 12 items

test_netmiko_config.py::test_ssh_connect PASSED
test_netmiko_config.py::test_enable_mode PASSED
test_netmiko_config.py::test_config_mode PASSED
test_netmiko_config.py::test_exit_config_mode PASSED
test_netmiko_config.py::test_config_set PASSED
test_netmiko_config.py::test_config_set_longcommand PASSED
test_netmiko_config.py::test_config_hostname PASSED
test_netmiko_config.py::test_config_from_file SKIPPED
test_netmiko_config.py::test_config_error_pattern PASSED
test_netmiko_config.py::test_banner SKIPPED
test_netmiko_config.py::test_global_cmd_verify SKIPPED
test_netmiko_config.py::test_disconnect PASSED

=========================== short test summary info ============================
SKIPPED [1] /home/kbyers/netmiko/tests/test_netmiko_config.py:115: <Skipped instance>
SKIPPED [1] /home/kbyers/netmiko/tests/test_netmiko_config.py:161: No banner defined.
SKIPPED [1] /home/kbyers/netmiko/tests/test_netmiko_config.py:194: No banner defined.
=================== 9 passed, 3 skipped in 99.28s (0:01:39) ====================
============================= test session starts ==============================
platform linux -- Python 3.8.5, pytest-5.1.2, py-1.10.0, pluggy-0.13.1 -- /home/kbyers/netmiko/.venv/bin/python3.8
cachedir: .pytest_cache
rootdir: /home/kbyers/netmiko, inifile: setup.cfg
plugins: pylama-7.7.1
collecting ... collected 1 item

test_netmiko_config_acl.py::test_large_acl PASSED

======================== 1 passed in 118.33s (0:01:58) =========================
============================= test session starts ==============================
platform linux -- Python 3.8.5, pytest-5.1.2, py-1.10.0, pluggy-0.13.1 -- /home/kbyers/netmiko/.venv/bin/python3.8
cachedir: .pytest_cache
rootdir: /home/kbyers/netmiko, inifile: setup.cfg
plugins: pylama-7.7.1
collecting ... collected 15 items

test_netmiko_commit.py::test_ssh_connect PASSED
test_netmiko_commit.py::test_config_mode PASSED
test_netmiko_commit.py::test_commit_base PASSED
test_netmiko_commit.py::test_commit_confirm PASSED
test_netmiko_commit.py::test_confirm_delay PASSED
test_netmiko_commit.py::test_no_confirm PASSED
test_netmiko_commit.py::test_clear_msg PASSED
test_netmiko_commit.py::test_commit_check PASSED
test_netmiko_commit.py::test_commit_comment PASSED
test_netmiko_commit.py::test_commit_andquit PASSED
test_netmiko_commit.py::test_commit_label PASSED
test_netmiko_commit.py::test_commit_label_comment SKIPPED
test_netmiko_commit.py::test_commit_label_confirm SKIPPED
test_netmiko_commit.py::test_exit_config_mode PASSED
test_netmiko_commit.py::test_disconnect PASSED

=========================== short test summary info ============================
SKIPPED [1] /home/kbyers/netmiko/tests/test_netmiko_commit.py:341: <Skipped instance>
SKIPPED [1] /home/kbyers/netmiko/tests/test_netmiko_commit.py:374: <Skipped instance>
================== 13 passed, 2 skipped in 513.56s (0:08:33) ===================
============================= test session starts ==============================
platform linux -- Python 3.8.5, pytest-5.1.2, py-1.10.0, pluggy-0.13.1 -- /home/kbyers/netmiko/.venv/bin/python3.8
cachedir: .pytest_cache
rootdir: /home/kbyers/netmiko, inifile: setup.cfg
plugins: pylama-7.7.1
collecting ... collected 12 items

test_netmiko_scp.py::test_scp_put PASSED
test_netmiko_scp.py::test_remote_space_available PASSED
test_netmiko_scp.py::test_local_space_available PASSED
test_netmiko_scp.py::test_verify_space_available_put FAILED

=================================== FAILURES ===================================
_______________________ test_verify_space_available_put ________________________

scp_fixture = (<netmiko.juniper.juniper.JuniperSSH object at 0x7f3082196d60>, <netmiko.juniper.juniper.JuniperFileTransfer object at 0x7f3082196550>)

    def test_verify_space_available_put(scp_fixture):
        ssh_conn, scp_transfer = scp_fixture
>       assert scp_transfer.verify_space_available() is True

test_netmiko_scp.py:29: 
_ _ _ _ _ _ _ _ _ _ _ _ _ _ _ _ _ _ _ _ _ _ _ _ _ _ _ _ _ _ _ _ _ _ _ _ _ _ _ _ 
../netmiko/scp_handler.py:213: in verify_space_available
    space_avail = self.remote_space_available(search_pattern=search_pattern)
../netmiko/juniper/juniper.py:257: in remote_space_available
    return self._remote_space_available_unix(search_pattern=search_pattern)
_ _ _ _ _ _ _ _ _ _ _ _ _ _ _ _ _ _ _ _ _ _ _ _ _ _ _ _ _ _ _ _ _ _ _ _ _ _ _ _ 

self = <netmiko.juniper.juniper.JuniperFileTransfer object at 0x7f3082196550>
search_pattern = '(\\d+) \\w+ free'

    def _remote_space_available_unix(self, search_pattern: str = "") -> int:
        """Return space available on *nix system (BSD/Linux)."""
        self.ssh_ctl_chan._enter_shell()
        remote_cmd = f"/bin/df -k {self.file_system}"
        remote_output = self.ssh_ctl_chan._send_command_str(
            remote_cmd, expect_string=r"[\$#]"
        )
    
        # Try to ensure parsing is correct:
        # Filesystem   1K-blocks  Used   Avail Capacity  Mounted on
        # /dev/bo0s3f    1264808 16376 1147248     1%    /cf/var
        remote_output = remote_output.strip()
        output_lines = remote_output.splitlines()
    
        # First line is the header; second is the actual file system info
        header_line = output_lines[0]
        filesystem_line = output_lines[1]
    
        if "Filesystem" not in header_line or "Avail" not in header_line.split()[3]:
            # Filesystem  1K-blocks  Used   Avail Capacity  Mounted on
            msg = "Parsing error, unexpected output from {}:\n{}".format(
                remote_cmd, remote_output
            )
>           raise ValueError(msg)
E           ValueError: Parsing error, unexpected output from /bin/df -k /var/tmp:
E           /bin/df -k /var/tmp
E           Filesystem     1024-blocks    Used    Avail Capacity  Mounted on
E           /dev/gpt/junos    20901946 1994858 17234933    10%    /.mount
E           $

../netmiko/scp_handler.py:184: ValueError
========================= 1 failed, 3 passed in 7.97s ==========================
